
[1m[46m RUN [49m[22m [36mv4.0.18 [39m[90mD:/prj/p2p_conference/code[39m

[90mstdout[2m | src/__tests__/components/RoomView.extended.test.tsx
[22m[39mRunning setup.ts in jsdom/window env

[90mstdout[2m | src/__tests__/useMediaStream.test.tsx
[22m[39mRunning setup.ts in jsdom/window env

[90mstdout[2m | src/__tests__/SimplePeerManager.extended.test.ts
[22m[39mRunning setup.ts in jsdom/window env

[90mstdout[2m | src/__tests__/components/ParticipantCard.extended.test.tsx
[22m[39mRunning setup.ts in jsdom/window env

[90mstdout[2m | src/__tests__/AudioPipeline.extended.test.ts
[22m[39mRunning setup.ts in jsdom/window env

[90mstdout[2m | src/__tests__/components/SettingsPanel.test.tsx
[22m[39mRunning setup.ts in jsdom/window env

[90mstdout[2m | src/__tests__/jsdom_check.test.ts
[22m[39mRunning setup.ts in jsdom/window env

[90mstdout[2m | src/__tests__/components/Toast.test.tsx
[22m[39mRunning setup.ts in jsdom/window env

[90mstdout[2m | src/__tests__/components/LobbyView.test.tsx
[22m[39mRunning setup.ts in jsdom/window env

[90mstdout[2m | src/__tests__/components/RoomView.test.tsx
[22m[39mRunning setup.ts in jsdom/window env

[90mstdout[2m | src/__tests__/components/ErrorBanner.test.tsx
[22m[39mRunning setup.ts in jsdom/window env

[90mstdout[2m | src/__tests__/components/ConnectionOverlay.test.tsx
[22m[39mRunning setup.ts in jsdom/window env

node.exe : [90mstderr[2m | src/__tests__/jsdom_check.test
.ts[2m > [22m[2mJSDOM Capabilities[2m > [22m[2mshould
 have MediaStream
所在位置 行:1 字符: 1
+ & "D:\nvm4w\nodejs/node.exe" "D:\nvm4w\nodejs/node_module
s/npm/bin/np ...
+ ~~~~~~~~~~~~~~~~~~~~~~~~~~~~~~~~~~~~~~~~~~~~~~~~~~~~~~~~~
~~~~~~~~~~~~
    + CategoryInfo          : NotSpecified: ([90mstderr[ 
   2m...ave MediaStream:String) [], RemoteException
    + FullyQualifiedErrorId : NativeCommandError
 
[22m[39m[vitest] The vi.fn() mock did not use 'function' 
or 'class' in its implementation, see https://vitest.dev/ap
i/vi#vi-spyon for examples.

[90mstdout[2m | src/__tests__/AudioMeter.test.tsx
[22m[39mRunning setup.ts in jsdom/window env

 [31m鉂?[39m src/__tests__/jsdom_check.test.ts [2m([22m[2m1 test[22m[2m | [22m[31m1 failed[39m[2m)[22m[32m 9[2mms[22m[39m
[31m     [31m脳[31m should have MediaStream[39m[32m 6[2mms[22m[39m
[90mstdout[2m | src/__tests__/components/DeviceSelector.test.tsx
[22m[39mRunning setup.ts in jsdom/window env

[90mstderr[2m | src/__tests__/AudioPipeline.extended.test
.ts[2m > [22m[2mAudioPipeline Extended[2m > [22m[2mSt
ream Connection[2m > [22m[2mshould connect input stream 
and return output stream
[22m[39m[vitest] The vi.fn() mock did not use 'function' 
or 'class' in its implementation, see https://vitest.dev/ap
i/vi#vi-spyon for examples.

[90mstderr[2m | src/__tests__/AudioPipeline.extended.test
.ts[2m > [22m[2mAudioPipeline Extended[2m > [22m[2mSt
ream Connection[2m > [22m[2mshould throw if not initiali
zed
[22m[39m[vitest] The vi.fn() mock did not use 'function' 
or 'class' in its implementation, see https://vitest.dev/ap
i/vi#vi-spyon for examples.

[90mstdout[2m | src/__tests__/App.test.tsx
[22m[39mRunning setup.ts in jsdom/window env

[90mstderr[2m | src/__tests__/AudioPipeline.extended.test
.ts[2m > [22m[2mAudioPipeline Extended[2m > [22m[2mSt
ream Connection[2m > [22m[2mshould disconnect previous s
tream when connecting new one
[22m[39m[vitest] The vi.fn() mock did not use 'function' 
or 'class' in its implementation, see https://vitest.dev/ap
i/vi#vi-spyon for examples.

[90mstderr[2m | src/__tests__/AudioPipeline.extended.test
.ts[2m > [22m[2mAudioPipeline Extended[2m > [22m[2mDi
sconnect[2m > [22m[2mshould disconnect all nodes
[22m[39m[vitest] The vi.fn() mock did not use 'function' 
or 'class' in its implementation, see https://vitest.dev/ap
i/vi#vi-spyon for examples.

[90mstderr[2m | src/__tests__/AudioPipeline.extended.test
.ts[2m > [22m[2mAudioPipeline Extended[2m > [22m[2mDe
stroy[2m > [22m[2mshould clean up all resources
[22m[39m[vitest] The vi.fn() mock did not use 'function' 
or 'class' in its implementation, see https://vitest.dev/ap
i/vi#vi-spyon for examples.

[90mstderr[2m | src/__tests__/AudioPipeline.extended.test
.ts[2m > [22m[2mAudioPipeline Extended[2m > [22m[2mNo
ise Suppression[2m > [22m[2mshould show active status wh
en connected with suppression enabled
[22m[39m[vitest] The vi.fn() mock did not use 'function' 
or 'class' in its implementation, see https://vitest.dev/ap
i/vi#vi-spyon for examples.

[90mstderr[2m | src/__tests__/AudioPipeline.extended.test
.ts[2m > [22m[2mAudioPipeline Extended[2m > [22m[2mNo
ise Suppression[2m > [22m[2mshould show inactive when su
ppression disabled
[22m[39m[vitest] The vi.fn() mock did not use 'function' 
or 'class' in its implementation, see https://vitest.dev/ap
i/vi#vi-spyon for examples.

[90mstderr[2m | src/__tests__/AudioPipeline.extended.test
.ts[2m > [22m[2mAudioPipeline Extended[2m > [22m[2mNo
ise Suppression[2m > [22m[2mshould reconnect pipeline wh
en toggling suppression while connected
[22m[39m[vitest] The vi.fn() mock did not use 'function' 
or 'class' in its implementation, see https://vitest.dev/ap
i/vi#vi-spyon for examples.

[90mstderr[2m | src/__tests__/AudioPipeline.extended.test
.ts[2m > [22m[2mAudioPipeline Extended[2m > [22m[2mge
tNoiseSuppressionStatus[2m > [22m[2mshould return correc
t status when connected
[22m[39m[vitest] The vi.fn() mock did not use 'function' 
or 'class' in its implementation, see https://vitest.dev/ap
i/vi#vi-spyon for examples.

[90mstderr[2m | src/__tests__/AudioPipeline.extended.test
.ts[2m > [22m[2mAudioPipeline Edge Cases[2m > [22m[2m
should handle rapid connect/disconnect cycles
[22m[39m[vitest] The vi.fn() mock did not use 'function' 
or 'class' in its implementation, see https://vitest.dev/ap
i/vi#vi-spyon for examples.

[90mstderr[2m | src/__tests__/AudioPipeline.extended.test
.ts[2m > [22m[2mAudioPipeline Edge Cases[2m > [22m[2m
should handle rapid noise suppression toggling
[22m[39m[vitest] The vi.fn() mock did not use 'function' 
or 'class' in its implementation, see https://vitest.dev/ap
i/vi#vi-spyon for examples.

[90mstderr[2m | src/__tests__/AudioPipeline.extended.test
.ts[2m > [22m[2mAudioPipeline Edge Cases[2m > [22m[2m
should handle connect after destroy
[22m[39m[vitest] The vi.fn() mock did not use 'function' 
or 'class' in its implementation, see https://vitest.dev/ap
i/vi#vi-spyon for examples.

 [31m鉂?[39m src/__tests__/AudioPipeline.extended.test.ts [2m([22m[2m25 tests[22m[2m | [22m[31m12 failed[39m[2m)[22m[33m 539[2mms[22m[39m
       [32m鉁?[39m should initialize successfully[32m 16[2mms[22m[39m
       [32m鉁?[39m should create AudioContext with 48kHz sample rate[32m 31[2mms[22m[39m
       [32m鉁?[39m should mark WASM as ready after initialization[32m 88[2mms[22m[39m
       [32m鉁?[39m should only initialize once[32m 41[2mms[22m[39m
       [32m鉁?[39m should handle initialization failure[32m 4[2mms[22m[39m
[31m       [31m脳[31m should connect input stream and return output stream[39m[32m 33[2mms[22m[39m
[31m       [31m脳[31m should throw if not initialized[39m[32m 2[2mms[22m[39m
[31m       [31m脳[31m should disconnect previous stream when connecting new one[39m[32m 65[2mms[22m[39m
[31m       [31m脳[31m should disconnect all nodes[39m[32m 31[2mms[22m[39m
       [32m鉁?[39m should handle disconnect when not connected[32m 2[2mms[22m[39m
[31m       [31m脳[31m should clean up all resources[39m[32m 32[2mms[22m[39m
       [32m鉁?[39m should close AudioContext[32m 41[2mms[22m[39m
       [32m鉁?[39m should handle destroy when not initialized[32m 1[2mms[22m[39m
       [32m鉁?[39m should enable noise suppression by default[32m 0[2mms[22m[39m
       [32m鉁?[39m should toggle noise suppression[32m 24[2mms[22m[39m
[31m       [31m脳[31m should show active status when connected with suppression enabled[39m[32m 15[2mms[22m[39m
[31m       [31m脳[31m should show inactive when suppression disabled[39m[32m 15[2mms[22m[39m
[31m       [31m脳[31m should reconnect pipeline when toggling suppression while connected[39m[32m 15[2mms[22m[39m
       [32m鉁?[39m should return correct status before initialization[32m 1[2mms[22m[39m
       [32m鉁?[39m should return correct status after initialization[32m 13[2mms[22m[39m
[31m       [31m脳[31m should return correct status when connected[39m[32m 17[2mms[22m[39m
[31m     [31m脳[31m should handle rapid connect/disconnect cycles[39m[32m 14[2mms[22m[39m
[31m     [31m脳[31m should handle rapid noise suppression toggling[39m[32m 15[2mms[22m[39m
     [32m鉁?[39m should handle destroy before initialization[32m 1[2mms[22m[39m
[31m     [31m脳[31m should handle connect after destroy[39m[32m 14[2mms[22m[39m
[90mstderr[2m | src/__tests__/useMediaStream.test.tsx[2m
 > [22m[2museMediaStream Hook[2m > [22m[2mshould initi
alize with empty state
[22m[39mWarning: An update to TestComponent inside a test
 was not wrapped in act(...).

When testing, code that causes React state updates should b
e wrapped into act(...):

act(() => {
  /* fire events that update state */
});
/* assert on the output */

This ensures that you're testing the behavior the user woul
d see in the browser. Learn more at https://reactjs.org/lin
k/wrap-tests-with-act
    at TestComponent (D:\prj\p2p_conference\code\node_modul
es\@testing-library\react\dist\pure.js:328:5)
Warning: An update to TestComponent inside a test was not w
rapped in act(...).

When testing, code that causes React state updates should b
e wrapped into act(...):

act(() => {
  /* fire events that update state */
});
/* assert on the output */

This ensures that you're testing the behavior the user woul
d see in the browser. Learn more at https://reactjs.org/lin
k/wrap-tests-with-act
    at TestComponent (D:\prj\p2p_conference\code\node_modul
es\@testing-library\react\dist\pure.js:328:5)
Warning: An update to TestComponent inside a test was not w
rapped in act(...).

When testing, code that causes React state updates should b
e wrapped into act(...):

act(() => {
  /* fire events that update state */
});
/* assert on the output */

This ensures that you're testing the behavior the user woul
d see in the browser. Learn more at https://reactjs.org/lin
k/wrap-tests-with-act
    at TestComponent (D:\prj\p2p_conference\code\node_modul
es\@testing-library\react\dist\pure.js:328:5)
Warning: An update to TestComponent inside a test was not w
rapped in act(...).

When testing, code that causes React state updates should b
e wrapped into act(...):

act(() => {
  /* fire events that update state */
});
/* assert on the output */

This ensures that you're testing the behavior the user woul
d see in the browser. Learn more at https://reactjs.org/lin
k/wrap-tests-with-act
    at TestComponent (D:\prj\p2p_conference\code\node_modul
es\@testing-library\react\dist\pure.js:328:5)

[90mstderr[2m | src/__tests__/useMediaStream.test.tsx[2m
 > [22m[2museMediaStream Hook[2m > [22m[2mOutput Devic
e Selection[2m > [22m[2mshould select output device
[22m[39mWarning: An update to TestComponent inside a test
 was not wrapped in act(...).

When testing, code that causes React state updates should b
e wrapped into act(...):

act(() => {
  /* fire events that update state */
});
/* assert on the output */

This ensures that you're testing the behavior the user woul
d see in the browser. Learn more at https://reactjs.org/lin
k/wrap-tests-with-act
    at TestComponent (D:\prj\p2p_conference\code\node_modul
es\@testing-library\react\dist\pure.js:328:5)
Warning: An update to TestComponent inside a test was not w
rapped in act(...).

When testing, code that causes React state updates should b
e wrapped into act(...):

act(() => {
  /* fire events that update state */
});
/* assert on the output */

This ensures that you're testing the behavior the user woul
d see in the browser. Learn more at https://reactjs.org/lin
k/wrap-tests-with-act
    at TestComponent (D:\prj\p2p_conference\code\node_modul
es\@testing-library\react\dist\pure.js:328:5)
Warning: An update to TestComponent inside a test was not w
rapped in act(...).

When testing, code that causes React state updates should b
e wrapped into act(...):

act(() => {
  /* fire events that update state */
});
/* assert on the output */

This ensures that you're testing the behavior the user woul
d see in the browser. Learn more at https://reactjs.org/lin
k/wrap-tests-with-act
    at TestComponent (D:\prj\p2p_conference\code\node_modul
es\@testing-library\react\dist\pure.js:328:5)
Warning: An update to TestComponent inside a test was not w
rapped in act(...).

When testing, code that causes React state updates should b
e wrapped into act(...):

act(() => {
  /* fire events that update state */
});
/* assert on the output */

This ensures that you're testing the behavior the user woul
d see in the browser. Learn more at https://reactjs.org/lin
k/wrap-tests-with-act
    at TestComponent (D:\prj\p2p_conference\code\node_modul
es\@testing-library\react\dist\pure.js:328:5)
Warning: An update to TestComponent inside a test was not w
rapped in act(...).

When testing, code that causes React state updates should b
e wrapped into act(...):

act(() => {
  /* fire events that update state */
});
/* assert on the output */

This ensures that you're testing the behavior the user woul
d see in the browser. Learn more at https://reactjs.org/lin
k/wrap-tests-with-act
    at TestComponent (D:\prj\p2p_conference\code\node_modul
es\@testing-library\react\dist\pure.js:328:5)
Warning: An update to TestComponent inside a test was not w
rapped in act(...).

When testing, code that causes React state updates should b
e wrapped into act(...):

act(() => {
  /* fire events that update state */
});
/* assert on the output */

This ensures that you're testing the behavior the user woul
d see in the browser. Learn more at https://reactjs.org/lin
k/wrap-tests-with-act
    at TestComponent (D:\prj\p2p_conference\code\node_modul
es\@testing-library\react\dist\pure.js:328:5)
Warning: An update to TestComponent inside a test was not w
rapped in act(...).

When testing, code that causes React state updates should b
e wrapped into act(...):

act(() => {
  /* fire events that update state */
});
/* assert on the output */

This ensures that you're testing the behavior the user woul
d see in the browser. Learn more at https://reactjs.org/lin
k/wrap-tests-with-act
    at TestComponent (D:\prj\p2p_conference\code\node_modul
es\@testing-library\react\dist\pure.js:328:5)

 [32m鉁?[39m src/__tests__/AudioMeter.test.tsx [2m([22m[2m4 tests[22m[2m)[22m[32m 131[2mms[22m[39m
 [31m鉂?[39m src/__tests__/SimplePeerManager.extended.test.ts [2m([22m[2m35 tests[22m[2m | [22m[31m1 failed[39m[2m)[22m[32m 152[2mms[22m[39m
       [32m鉁?[39m should generate 16 character alphanumeric ID[32m 19[2mms[22m[39m
       [32m鉁?[39m should generate unique IDs[32m 2[2mms[22m[39m
       [32m鉁?[39m should load ICE servers from electron API[32m 3[2mms[22m[39m
       [32m鉁?[39m should handle missing electron API[32m 1[2mms[22m[39m
[31m       [31m脳[31m should only load once when called multiple times[39m[32m 16[2mms[22m[39m
       [32m鉁?[39m should start in idle state[32m 1[2mms[22m[39m
       [32m鉁?[39m should transition through states during join[32m 22[2mms[22m[39m
       [32m鉁?[39m should return to idle on leave[32m 4[2mms[22m[39m
       [32m鉁?[39m should broadcast mute status to peers[32m 4[2mms[22m[39m
       [32m鉁?[39m should track local mute status[32m 11[2mms[22m[39m
       [32m鉁?[39m should set local stream[32m 2[2mms[22m[39m
       [32m鉁?[39m should add tracks to existing peer connections[32m 3[2mms[22m[39m
       [32m鉁?[39m should replace tracks in all peer connections[32m 4[2mms[22m[39m
       [32m鉁?[39m should handle null track gracefully[32m 2[2mms[22m[39m
       [32m鉁?[39m should return empty stats when no peers connected[32m 2[2mms[22m[39m
       [32m鉁?[39m should track online/offline status[32m 1[2mms[22m[39m
       [32m鉁?[39m should handle offline event[32m 3[2mms[22m[39m
       [32m鉁?[39m should attempt reconnect on online event[32m 4[2mms[22m[39m
       [32m鉁?[39m should allow manual reconnect[32m 3[2mms[22m[39m
       [32m鉁?[39m should expose network status callback[32m 9[2mms[22m[39m
       [32m鉁?[39m should return comprehensive debug information[32m 4[2mms[22m[39m
       [32m鉁?[39m should prevent concurrent join operations[32m 2[2mms[22m[39m
       [32m鉁?[39m should clean up existing room before joining new one[32m 3[2mms[22m[39m
       [32m鉁?[39m should handle leave when not in room[32m 2[2mms[22m[39m
       [32m鉁?[39m should prevent concurrent leave operations[32m 2[2mms[22m[39m
       [32m鉁?[39m should accept all callback types[32m 1[2mms[22m[39m
       [32m鉁?[39m should handle partial callbacks[32m 1[2mms[22m[39m
       [32m鉁?[39m should return empty map when no peers[32m 2[2mms[22m[39m
       [32m鉁?[39m should return default mute status for unknown peer[32m 1[2mms[22m[39m
       [32m鉁?[39m should return empty map when no peers[32m 1[2mms[22m[39m
     [32m鉁?[39m should return false for new messages[32m 0[2mms[22m[39m
     [32m鉁?[39m should return true for duplicate messages[32m 0[2mms[22m[39m
     [32m鉁?[39m should handle empty message ID[32m 0[2mms[22m[39m
     [32m鉁?[39m should track message count[32m 0[2mms[22m[39m
     [32m鉁?[39m should limit window size[32m 7[2mms[22m[39m
 [32m鉁?[39m src/__tests__/useMediaStream.test.tsx [2m([22m[2m11 tests[22m[2m)[22m[32m 254[2mms[22m[39m
 [32m鉁?[39m src/__tests__/components/ErrorBanner.test.tsx [2m([22m[2m2 tests[22m[2m)[22m[33m 393[2mms[22m[39m
     [33m[2m鉁?[22m[39m calls onDismiss when close button is clicked [33m 337[2mms[22m[39m
 [32m鉁?[39m src/__tests__/components/RoomView.test.tsx [2m([22m[2m5 tests[22m[2m)[22m[32m 241[2mms[22m[39m
 [32m鉁?[39m src/__tests__/components/Toast.test.tsx [2m([22m[2m8 tests[22m[2m)[22m[33m 667[2mms[22m[39m
     [33m[2m鉁?[22m[39m calls onDismiss when close button is clicked [33m 457[2mms[22m[39m
 [32m鉁?[39m src/__tests__/components/ConnectionOverlay.test.tsx [2m([22m[2m14 tests[22m[2m)[22m[33m 401[2mms[22m[39m
 [32m鉁?[39m src/__tests__/components/DeviceSelector.test.tsx [2m([22m[2m3 tests[22m[2m)[22m[33m 620[2mms[22m[39m
     [33m[2m鉁?[22m[39m renders label and options correctly [33m 509[2mms[22m[39m
[90mstderr[2m | src/__tests__/components/ParticipantCard.
extended.test.tsx[2m > [22m[2mParticipantCard Extended[
2m > [22m[2mRemote Audio Playback[2m > [22m[2mshould r
ender audio element for remote participant with stream
[22m[39m[vitest] The vi.fn() mock did not use 'function' 
or 'class' in its implementation, see https://vitest.dev/ap
i/vi#vi-spyon for examples.

[90mstderr[2m | src/__tests__/components/ParticipantCard.
extended.test.tsx[2m > [22m[2mParticipantCard Extended[
2m > [22m[2mRemote Audio Playback[2m > [22m[2mshould n
ot render audio element for local participant
[22m[39m[vitest] The vi.fn() mock did not use 'function' 
or 'class' in its implementation, see https://vitest.dev/ap
i/vi#vi-spyon for examples.

[90mstderr[2m | src/__tests__/components/ParticipantCard.
extended.test.tsx[2m > [22m[2mParticipantCard Extended[
2m > [22m[2mRemote Audio Playback[2m > [22m[2mshould s
et stream on audio element
[22m[39m[vitest] The vi.fn() mock did not use 'function' 
or 'class' in its implementation, see https://vitest.dev/ap
i/vi#vi-spyon for examples.

[90mstderr[2m | src/__tests__/components/ParticipantCard.
extended.test.tsx[2m > [22m[2mParticipantCard Extended[
2m > [22m[2mRemote Audio Playback[2m > [22m[2mshould c
all play on audio element
[22m[39m[vitest] The vi.fn() mock did not use 'function' 
or 'class' in its implementation, see https://vitest.dev/ap
i/vi#vi-spyon for examples.

[90mstderr[2m | src/__tests__/components/ParticipantCard.
extended.test.tsx[2m > [22m[2mParticipantCard Extended[
2m > [22m[2mOutput Device Selection[2m > [22m[2mshould
 set sink ID when output device changes
[22m[39m[vitest] The vi.fn() mock did not use 'function' 
or 'class' in its implementation, see https://vitest.dev/ap
i/vi#vi-spyon for examples.

[90mstderr[2m | src/__tests__/components/ParticipantCard.
extended.test.tsx[2m > [22m[2mParticipantCard Edge Cases
[2m > [22m[2mshould handle rapid stream changes
[22m[39m[vitest] The vi.fn() mock did not use 'function' 
or 'class' in its implementation, see https://vitest.dev/ap
i/vi#vi-spyon for examples.

[90mstderr[2m | src/__tests__/components/ParticipantCard.
extended.test.tsx[2m > [22m[2mParticipantCard Edge Cases
[2m > [22m[2mshould handle play failure gracefully
[22m[39m[vitest] The vi.fn() mock did not use 'function' 
or 'class' in its implementation, see https://vitest.dev/ap
i/vi#vi-spyon for examples.

 [31m鉂?[39m src/__tests__/components/ParticipantCard.extended.test.tsx [2m([22m[2m32 tests[22m[2m | [22m[31m8 failed[39m[2m)[22m[33m 950[2mms[22m[39m
       [32m鉁?[39m should render user name[32m 71[2mms[22m[39m
       [32m鉁?[39m should show (You) label for local participant[32m 11[2mms[22m[39m
       [32m鉁?[39m should not show (You) label for remote participant[32m 9[2mms[22m[39m
       [32m鉁?[39m should show Windows icon[32m 9[2mms[22m[39m
       [32m鉁?[39m should show Mac icon[32m 15[2mms[22m[39m
       [32m鉁?[39m should show Linux icon[32m 11[2mms[22m[39m
       [32m鉁?[39m should show mic muted indicator when muted[32m 13[2mms[22m[39m
       [32m鉁?[39m should show speaker muted indicator when speaker muted[32m 6[2mms[22m[39m
       [32m鉁?[39m should show active indicator when not muted[32m 10[2mms[22m[39m
       [32m鉁?[39m should show both mute indicators when both are muted[32m 8[2mms[22m[39m
       [33m[2m鉁?[22m[39m should display audio level bar [33m 514[2mms[22m[39m
       [32m鉁?[39m should display audio level value[32m 7[2mms[22m[39m
       [32m鉁?[39m should cap audio level at 100%[32m 31[2mms[22m[39m
       [32m鉁?[39m should handle zero audio level[32m 26[2mms[22m[39m
       [32m鉁?[39m should show connecting status[32m 6[2mms[22m[39m
       [32m鉁?[39m should show connected status[32m 5[2mms[22m[39m
       [32m鉁?[39m should show disconnected status[32m 5[2mms[22m[39m
       [32m鉁?[39m should show failed status[32m 4[2mms[22m[39m
       [32m鉁?[39m should display connection quality when connected[32m 21[2mms[22m[39m
       [32m鉁?[39m should not display quality when not connected[32m 9[2mms[22m[39m
       [32m鉁?[39m should not display quality when no quality data[32m 6[2mms[22m[39m
[31m       [31m脳[31m should show different colors for quality levels[39m[32m 100[2mms[22m[39m
[31m       [31m脳[31m should render audio element for remote participant with stream[39m[32m 5[2mms[22m[39m
[31m       [31m脳[31m should not render audio element for local participant[39m[32m 2[2mms[22m[39m
       [32m鉁?[39m should not render audio element when no stream[32m 8[2mms[22m[39m
[31m       [31m脳[31m should set stream on audio element[39m[32m 2[2mms[22m[39m
[31m       [31m脳[31m should call play on audio element[39m[32m 3[2mms[22m[39m
[31m       [31m脳[31m should set sink ID when output device changes[39m[32m 4[2mms[22m[39m
       [32m鉁?[39m should have border highlight for local participant[32m 12[2mms[22m[39m
       [32m鉁?[39m should have normal border for remote participant[32m 7[2mms[22m[39m
[31m     [31m脳[31m should handle rapid stream changes[39m[32m 1[2mms[22m[39m
[31m     [31m脳[31m should handle play failure gracefully[39m[32m 2[2mms[22m[39m
[90mstderr[2m | src/__tests__/components/RoomView.extende
d.test.tsx[2m > [22m[2mRoomView Extended[2m > [22m[2m
Remote Streams[2m > [22m[2mshould pass remote streams to
 participant cards
[22m[39m[vitest] The vi.fn() mock did not use 'function' 
or 'class' in its implementation, see https://vitest.dev/ap
i/vi#vi-spyon for examples.

 [31m鉂?[39m src/__tests__/components/RoomView.extended.test.tsx [2m([22m[2m22 tests[22m[2m | [22m[31m1 failed[39m[2m)[22m[33m 1427[2mms[22m[39m
       [32m鉁?[39m should render room header with user name[32m 95[2mms[22m[39m
       [32m鉁?[39m should render room ID with copy button[32m 15[2mms[22m[39m
       [32m鉁?[39m should show connection status[32m 26[2mms[22m[39m
       [32m鉁?[39m should show local participant[32m 10[2mms[22m[39m
       [32m鉁?[39m should show waiting message when no peers[32m 12[2mms[22m[39m
       [32m鉁?[39m should not show waiting message when peers exist[32m 10[2mms[22m[39m
       [32m鉁?[39m should render remote participants[32m 11[2mms[22m[39m
       [32m鉁?[39m should show performance warning for many participants[32m 12[2mms[22m[39m
       [33m[2m鉁?[22m[39m should call onToggleMute when mute button clicked [33m 474[2mms[22m[39m
       [32m鉁?[39m should show correct mute button text[32m 16[2mms[22m[39m
       [32m鉁?[39m should call onToggleSpeakerMute when speaker mute clicked[32m 64[2mms[22m[39m
       [32m鉁?[39m should call onToggleSound when clicked[32m 50[2mms[22m[39m
       [32m鉁?[39m should show correct sound state[32m 9[2mms[22m[39m
       [32m鉁?[39m should call onLeaveRoom when leave button clicked[32m 34[2mms[22m[39m
       [32m鉁?[39m should call onCopyRoomId when copy button clicked[32m 63[2mms[22m[39m
       [32m鉁?[39m should toggle settings panel visibility[32m 51[2mms[22m[39m
       [32m鉁?[39m should change input device[32m 181[2mms[22m[39m
       [32m鉁?[39m should change output device[32m 154[2mms[22m[39m
       [32m鉁?[39m should toggle noise suppression[32m 101[2mms[22m[39m
[31m       [31m脳[31m should pass remote streams to participant cards[39m[32m 9[2mms[22m[39m
       [32m鉁?[39m should show correct platform for local user[32m 13[2mms[22m[39m
       [32m鉁?[39m should show correct platform for remote peers[32m 11[2mms[22m[39m
 [32m鉁?[39m src/__tests__/components/LobbyView.test.tsx [2m([22m[2m29 tests[22m[2m)[22m[33m 1116[2mms[22m[39m
 [32m鉁?[39m src/__tests__/components/SettingsPanel.test.tsx [2m([22m[2m19 tests[22m[2m)[22m[33m 1658[2mms[22m[39m
     [33m[2m鉁?[22m[39m calls onSettingsChange when noise suppression is toggled [33m 422[2mms[22m[39m
[90mstdout[2m | src/__tests__/usePeerConnections.test.tsx
[22m[39mRunning setup.ts in jsdom/window env

[90mstdout[2m | src/__tests__/components/LeaveConfirmDialog.test.tsx
[22m[39mRunning setup.ts in jsdom/window env

 [32m鉁?[39m src/__tests__/components/LeaveConfirmDialog.test.tsx [2m([22m[2m5 tests[22m[2m)[22m[32m 118[2mms[22m[39m
 [32m鉁?[39m src/__tests__/App.test.tsx [2m([22m[2m21 tests[22m[2m)[22m[33m 3041[2mms[22m[39m
       [33m[2m鉁?[22m[39m should navigate to settings view [33m 529[2mms[22m[39m
[90mstdout[2m | src/__tests__/useRoom.test.tsx
[22m[39mRunning setup.ts in jsdom/window env

[90mstdout[2m | src/__tests__/components/ParticipantCard.test.tsx
[22m[39mRunning setup.ts in jsdom/window env

[90mstdout[2m | src/__tests__/useI18n.test.tsx
[22m[39mRunning setup.ts in jsdom/window env

[90mstdout[2m | src/__tests__/Logger.test.ts
[22m[39mRunning setup.ts in jsdom/window env

[90mstdout[2m | src/__tests__/Logger.extended.test.ts
[22m[39mRunning setup.ts in jsdom/window env

 [32m鉁?[39m src/__tests__/Logger.test.ts [2m([22m[2m24 tests[22m[2m)[22m[32m 32[2mms[22m[39m
[90mstdout[2m | src/__tests__/AudioPipeline.test.ts
[22m[39mRunning setup.ts in jsdom/window env

[90mstdout[2m | src/__tests__/SimplePeerManager.test.ts
[22m[39mRunning setup.ts in jsdom/window env

 [32m鉁?[39m src/__tests__/Logger.extended.test.ts [2m([22m[2m23 tests[22m[2m)[22m[32m 44[2mms[22m[39m
 [32m鉁?[39m src/__tests__/AudioPipeline.test.ts [2m([22m[2m10 tests[22m[2m)[22m[32m 37[2mms[22m[39m
 [32m鉁?[39m src/__tests__/usePeerConnections.test.tsx [2m([22m[2m20 tests[22m[2m)[22m[32m 151[2mms[22m[39m
 [32m鉁?[39m src/__tests__/SimplePeerManager.test.ts [2m([22m[2m4 tests[22m[2m)[22m[32m 28[2mms[22m[39m
 [32m鉁?[39m src/__tests__/useI18n.test.tsx [2m([22m[2m4 tests[22m[2m)[22m[32m 45[2mms[22m[39m
 [32m鉁?[39m src/__tests__/useRoom.test.tsx [2m([22m[2m8 tests[22m[2m)[22m[32m 94[2mms[22m[39m
[90mstdout[2m | src/__tests__/RingBuffer.test.ts
[22m[39mRunning setup.ts in jsdom/window env

[90mstdout[2m | src/__tests__/i18n.test.ts
[22m[39mRunning setup.ts in jsdom/window env

 [32m鉁?[39m src/__tests__/components/ParticipantCard.test.tsx [2m([22m[2m4 tests[22m[2m)[22m[32m 152[2mms[22m[39m
 [32m鉁?[39m src/__tests__/RingBuffer.test.ts [2m([22m[2m26 tests[22m[2m)[22m[32m 19[2mms[22m[39m
 [32m鉁?[39m src/__tests__/i18n.test.ts [2m([22m[2m37 tests[22m[2m)[22m[32m 23[2mms[22m[39m
[90mstdout[2m | src/__tests__/SoundManager.test.ts
[22m[39mRunning setup.ts in jsdom/window env

 [32m鉁?[39m src/__tests__/SoundManager.test.ts [2m([22m[2m10 tests[22m[2m)[22m[32m 12[2mms[22m[39m
[90mstdout[2m | src/__tests__/connectionStats.test.ts
[22m[39mRunning setup.ts in jsdom/window env

 [32m鉁?[39m src/__tests__/connectionStats.test.ts [2m([22m[2m21 tests[22m[2m)[22m[32m 10[2mms[22m[39m
[90mstdout[2m | src/__tests__/sanity.test.ts
[22m[39mRunning setup.ts in jsdom/window env

 [32m鉁?[39m src/__tests__/sanity.test.ts [2m([22m[2m1 test[22m[2m)[22m[32m 3[2mms[22m[39m

[31m鈳幆鈳幆鈳幆[39m[1m[41m Failed Tests 23 [49m[22m[31
m鈳幆鈳幆鈳幆鈳?[39m

[41m[1m FAIL [22m[49m src/__tests__/AudioPipeline.exten
ded.test.ts[2m > [22mAudioPipeline Extended[2m > [22mSt
ream Connection[2m > [22mshould connect input stream and 
return output stream
[31m[1mTypeError[22m: () => ({
      getTracks: () => [],
      getVideoTracks: () => [],
      getAudioTracks: () => [],
      addTr...<omitted>...}) is not a constructor[39m
[36m [2m鉂?[22m src/__tests__/AudioPipeline.extended.test.
ts:[2m294:27[22m[39m
    [90m292| [39m      [35mawait[39m pipeline[33m.[39
m[34minitialize[39m()
    [90m293| [39m      
    [90m294| [39m      [35mconst[39m inputStream [33m=
[39m [35mnew[39m [33mMediaStream[39m()
    [90m   | [39m                          [31m^[39m
    [90m295| [39m      const outputStream = await pipelin
e.connectInputStream(inputStre鈥?    [90m296| [39m      

[31m[2m鈳幆鈳幆鈳幆鈳幆鈳幆鈳幆鈳幆鈳幆鈳幆鈳幆鈳幆鈳痆1/23]鈳?[22m[39
m

[41m[1m FAIL [22m[49m src/__tests__/AudioPipeline.exten
ded.test.ts[2m > [22mAudioPipeline Extended[2m > [22mSt
ream Connection[2m > [22mshould throw if not initialized
[31m[1mTypeError[22m: () => ({
      getTracks: () => [],
      getVideoTracks: () => [],
      getAudioTracks: () => [],
      addTr...<omitted>...}) is not a constructor[39m
[36m [2m鉂?[22m src/__tests__/AudioPipeline.extended.test.
ts:[2m302:27[22m[39m
    [90m300| [39m
    [90m301| [39m    [34mit[39m([32m'should throw if n
ot initialized'[39m[33m,[39m [35masync[39m () [33m=>
[39m {
    [90m302| [39m      [35mconst[39m inputStream [33m=
[39m [35mnew[39m [33mMediaStream[39m()
    [90m   | [39m                          [31m^[39m
    [90m303| [39m      
    [90m304| [39m      await expect(pipeline.connectInput
Stream(inputStream)).rejects.t鈥?
[31m[2m鈳幆鈳幆鈳幆鈳幆鈳幆鈳幆鈳幆鈳幆鈳幆鈳幆鈳幆鈳痆2/23]鈳?[22m[39
m

[41m[1m FAIL [22m[49m src/__tests__/AudioPipeline.exten
ded.test.ts[2m > [22mAudioPipeline Extended[2m > [22mSt
ream Connection[2m > [22mshould disconnect previous strea
m when connecting new one
[31m[1mTypeError[22m: () => ({
      getTracks: () => [],
      getVideoTracks: () => [],
      getAudioTracks: () => [],
      addTr...<omitted>...}) is not a constructor[39m
[36m [2m鉂?[22m src/__tests__/AudioPipeline.extended.test.
ts:[2m310:23[22m[39m
    [90m308| [39m      [35mawait[39m pipeline[33m.[39
m[34minitialize[39m()
    [90m309| [39m      
    [90m310| [39m      [35mconst[39m stream1 [33m=[39
m [35mnew[39m [33mMediaStream[39m()
    [90m   | [39m                      [31m^[39m
    [90m311| [39m      [35mconst[39m stream2 [33m=[39
m [35mnew[39m [33mMediaStream[39m()
    [90m312| [39m      

[31m[2m鈳幆鈳幆鈳幆鈳幆鈳幆鈳幆鈳幆鈳幆鈳幆鈳幆鈳幆鈳痆3/23]鈳?[22m[39
m

[41m[1m FAIL [22m[49m src/__tests__/AudioPipeline.exten
ded.test.ts[2m > [22mAudioPipeline Extended[2m > [22mDi
sconnect[2m > [22mshould disconnect all nodes
[31m[1mTypeError[22m: () => ({
      getTracks: () => [],
      getVideoTracks: () => [],
      getAudioTracks: () => [],
      addTr...<omitted>...}) is not a constructor[39m
[36m [2m鉂?[22m src/__tests__/AudioPipeline.extended.test.
ts:[2m325:27[22m[39m
    [90m323| [39m      [35mawait[39m pipeline[33m.[39
m[34minitialize[39m()
    [90m324| [39m      
    [90m325| [39m      [35mconst[39m inputStream [33m=
[39m [35mnew[39m [33mMediaStream[39m()
    [90m   | [39m                          [31m^[39m
    [90m326| [39m      [35mawait[39m pipeline[33m.[39
m[34mconnectInputStream[39m(inputStream)
    [90m327| [39m      

[31m[2m鈳幆鈳幆鈳幆鈳幆鈳幆鈳幆鈳幆鈳幆鈳幆鈳幆鈳幆鈳痆4/23]鈳?[22m[39
m

[41m[1m FAIL [22m[49m src/__tests__/AudioPipeline.exten
ded.test.ts[2m > [22mAudioPipeline Extended[2m > [22mDe
stroy[2m > [22mshould clean up all resources
[31m[1mTypeError[22m: () => ({
      getTracks: () => [],
      getVideoTracks: () => [],
      getAudioTracks: () => [],
      addTr...<omitted>...}) is not a constructor[39m
[36m [2m鉂?[22m src/__tests__/AudioPipeline.extended.test.
ts:[2m343:27[22m[39m
    [90m341| [39m      [35mawait[39m pipeline[33m.[39
m[34minitialize[39m()
    [90m342| [39m      
    [90m343| [39m      [35mconst[39m inputStream [33m=
[39m [35mnew[39m [33mMediaStream[39m()
    [90m   | [39m                          [31m^[39m
    [90m344| [39m      [35mawait[39m pipeline[33m.[39
m[34mconnectInputStream[39m(inputStream)
    [90m345| [39m      

[31m[2m鈳幆鈳幆鈳幆鈳幆鈳幆鈳幆鈳幆鈳幆鈳幆鈳幆鈳幆鈳痆5/23]鈳?[22m[39
m

[41m[1m FAIL [22m[49m src/__tests__/AudioPipeline.exten
ded.test.ts[2m > [22mAudioPipeline Extended[2m > [22mNo
ise Suppression[2m > [22mshould show active status when c
onnected with suppression enabled
[31m[1mTypeError[22m: () => ({
      getTracks: () => [],
      getVideoTracks: () => [],
      getAudioTracks: () => [],
      addTr...<omitted>...}) is not a constructor[39m
[36m [2m鉂?[22m src/__tests__/AudioPipeline.extended.test.
ts:[2m386:27[22m[39m
    [90m384| [39m      [35mawait[39m pipeline[33m.[39
m[34minitialize[39m()
    [90m385| [39m      
    [90m386| [39m      [35mconst[39m inputStream [33m=
[39m [35mnew[39m [33mMediaStream[39m()
    [90m   | [39m                          [31m^[39m
    [90m387| [39m      [35mawait[39m pipeline[33m.[39
m[34mconnectInputStream[39m(inputStream)
    [90m388| [39m      

[31m[2m鈳幆鈳幆鈳幆鈳幆鈳幆鈳幆鈳幆鈳幆鈳幆鈳幆鈳幆鈳痆6/23]鈳?[22m[39
m

[41m[1m FAIL [22m[49m src/__tests__/AudioPipeline.exten
ded.test.ts[2m > [22mAudioPipeline Extended[2m > [22mNo
ise Suppression[2m > [22mshould show inactive when suppre
ssion disabled
[31m[1mTypeError[22m: () => ({
      getTracks: () => [],
      getVideoTracks: () => [],
      getAudioTracks: () => [],
      addTr...<omitted>...}) is not a constructor[39m
[36m [2m鉂?[22m src/__tests__/AudioPipeline.extended.test.
ts:[2m396:27[22m[39m
    [90m394| [39m      [35mawait[39m pipeline[33m.[39
m[34minitialize[39m()
    [90m395| [39m      
    [90m396| [39m      [35mconst[39m inputStream [33m=
[39m [35mnew[39m [33mMediaStream[39m()
    [90m   | [39m                          [31m^[39m
    [90m397| [39m      [35mawait[39m pipeline[33m.[39
m[34mconnectInputStream[39m(inputStream)
    [90m398| [39m      

[31m[2m鈳幆鈳幆鈳幆鈳幆鈳幆鈳幆鈳幆鈳幆鈳幆鈳幆鈳幆鈳痆7/23]鈳?[22m[39
m

[41m[1m FAIL [22m[49m src/__tests__/AudioPipeline.exten
ded.test.ts[2m > [22mAudioPipeline Extended[2m > [22mNo
ise Suppression[2m > [22mshould reconnect pipeline when t
oggling suppression while connected
[31m[1mTypeError[22m: () => ({
      getTracks: () => [],
      getVideoTracks: () => [],
      getAudioTracks: () => [],
      addTr...<omitted>...}) is not a constructor[39m
[36m [2m鉂?[22m src/__tests__/AudioPipeline.extended.test.
ts:[2m408:27[22m[39m
    [90m406| [39m      [35mawait[39m pipeline[33m.[39
m[34minitialize[39m()
    [90m407| [39m      
    [90m408| [39m      [35mconst[39m inputStream [33m=
[39m [35mnew[39m [33mMediaStream[39m()
    [90m   | [39m                          [31m^[39m
    [90m409| [39m      [35mawait[39m pipeline[33m.[39
m[34mconnectInputStream[39m(inputStream)
    [90m410| [39m      

[31m[2m鈳幆鈳幆鈳幆鈳幆鈳幆鈳幆鈳幆鈳幆鈳幆鈳幆鈳幆鈳痆8/23]鈳?[22m[39
m

[41m[1m FAIL [22m[49m src/__tests__/AudioPipeline.exten
ded.test.ts[2m > [22mAudioPipeline Extended[2m > [22mge
tNoiseSuppressionStatus[2m > [22mshould return correct st
atus when connected
[31m[1mTypeError[22m: () => ({
      getTracks: () => [],
      getVideoTracks: () => [],
      getAudioTracks: () => [],
      addTr...<omitted>...}) is not a constructor[39m
[36m [2m鉂?[22m src/__tests__/AudioPipeline.extended.test.
ts:[2m442:27[22m[39m
    [90m440| [39m      [35mawait[39m pipeline[33m.[39
m[34minitialize[39m()
    [90m441| [39m      
    [90m442| [39m      [35mconst[39m inputStream [33m=
[39m [35mnew[39m [33mMediaStream[39m()
    [90m   | [39m                          [31m^[39m
    [90m443| [39m      [35mawait[39m pipeline[33m.[39
m[34mconnectInputStream[39m(inputStream)
    [90m444| [39m      

[31m[2m鈳幆鈳幆鈳幆鈳幆鈳幆鈳幆鈳幆鈳幆鈳幆鈳幆鈳幆鈳痆9/23]鈳?[22m[39
m

[41m[1m FAIL [22m[49m src/__tests__/AudioPipeline.exten
ded.test.ts[2m > [22mAudioPipeline Edge Cases[2m > [22m
should handle rapid connect/disconnect cycles
[31m[1mTypeError[22m: () => ({
      getTracks: () => [],
      getVideoTracks: () => [],
      getAudioTracks: () => [],
      addTr...<omitted>...}) is not a constructor[39m
[36m [2m鉂?[22m src/__tests__/AudioPipeline.extended.test.
ts:[2m470:22[22m[39m
    [90m468| [39m    
    [90m469| [39m    [35mfor[39m ([35mlet[39m i [33m
=[39m [34m0[39m[33m;[39m i [33m<[39m [34m10[39m[3
3m;[39m i[33m++[39m) {
    [90m470| [39m      [35mconst[39m stream [33m=[39m
 [35mnew[39m [33mMediaStream[39m()
    [90m   | [39m                     [31m^[39m
    [90m471| [39m      [35mawait[39m pipeline[33m.[39
m[34mconnectInputStream[39m(stream)
    [90m472| [39m      pipeline[33m.[39m[34mdisconnect
[39m()

[31m[2m鈳幆鈳幆鈳幆鈳幆鈳幆鈳幆鈳幆鈳幆鈳幆鈳幆鈳幆[10/23]鈳?[22m[39
m

[41m[1m FAIL [22m[49m src/__tests__/AudioPipeline.exten
ded.test.ts[2m > [22mAudioPipeline Edge Cases[2m > [22m
should handle rapid noise suppression toggling
[31m[1mTypeError[22m: () => ({
      getTracks: () => [],
      getVideoTracks: () => [],
      getAudioTracks: () => [],
      addTr...<omitted>...}) is not a constructor[39m
[36m [2m鉂?[22m src/__tests__/AudioPipeline.extended.test.
ts:[2m481:25[22m[39m
    [90m479| [39m    [35mawait[39m pipeline[33m.[39m
[34minitialize[39m()
    [90m480| [39m    
    [90m481| [39m    [35mconst[39m inputStream [33m=[
39m [35mnew[39m [33mMediaStream[39m()
    [90m   | [39m                        [31m^[39m
    [90m482| [39m    [35mawait[39m pipeline[33m.[39m
[34mconnectInputStream[39m(inputStream)
    [90m483| [39m    

[31m[2m鈳幆鈳幆鈳幆鈳幆鈳幆鈳幆鈳幆鈳幆鈳幆鈳幆鈳幆[11/23]鈳?[22m[39
m

[41m[1m FAIL [22m[49m src/__tests__/AudioPipeline.exten
ded.test.ts[2m > [22mAudioPipeline Edge Cases[2m > [22m
should handle connect after destroy
[31m[1mTypeError[22m: () => ({
      getTracks: () => [],
      getVideoTracks: () => [],
      getAudioTracks: () => [],
      addTr...<omitted>...}) is not a constructor[39m
[36m [2m鉂?[22m src/__tests__/AudioPipeline.extended.test.
ts:[2m502:25[22m[39m
    [90m500| [39m    pipeline[33m.[39m[34mdestroy[39m
()
    [90m501| [39m    
    [90m502| [39m    [35mconst[39m inputStream [33m=[
39m [35mnew[39m [33mMediaStream[39m()
    [90m   | [39m                        [31m^[39m
    [90m503| [39m    
    [90m504| [39m    await expect(pipeline.connectInputSt
ream(inputStream)).rejects.toT鈥?
[31m[2m鈳幆鈳幆鈳幆鈳幆鈳幆鈳幆鈳幆鈳幆鈳幆鈳幆鈳幆[12/23]鈳?[22m[39
m

[41m[1m FAIL [22m[49m src/__tests__/jsdom_check.test.ts
[2m > [22mJSDOM Capabilities[2m > [22mshould have Media
Stream
[31m[1mTypeError[22m: () => ({
      getTracks: () => [],
      getVideoTracks: () => [],
      getAudioTracks: () => [],
      addTr...<omitted>...}) is not a constructor[39m
[36m [2m鉂?[22m src/__tests__/jsdom_check.test.ts:[2m9:16
[22m[39m
    [90m  7| [39m    [34mit[39m([32m'should have Media
Stream'[39m[33m,[39m () [33m=>[39m {
    [90m  8| [39m        [34mexpect[39m(globalThis[33m
.[39m[33mMediaStream[39m)[33m.[39m[34mtoBeDefined[39
m()
    [90m  9| [39m        [34mexpect[39m([35mnew[39m 
[33mMediaStream[39m())[33m.[39m[34mtoBeInstanceOf[39m(
[33mMediaStream[39m)
    [90m   | [39m               [31m^[39m
    [90m 10| [39m    })
    [90m 11| [39m})

[31m[2m鈳幆鈳幆鈳幆鈳幆鈳幆鈳幆鈳幆鈳幆鈳幆鈳幆鈳幆[13/23]鈳?[22m[39
m

[41m[1m FAIL [22m[49m src/__tests__/SimplePeerManager.e
xtended.test.ts[2m > [22mSimplePeerManager Extended Tests
[2m > [22mloadCredentials[2m > [22mshould only load onc
e when called multiple times
[31m[1mAssertionError[22m: expected "vi.fn()" to be call
ed 1 times, but got 0 times[39m
[36m [2m鉂?[22m src/__tests__/SimplePeerManager.extended.t
est.ts:[2m392:57[22m[39m
    [90m390| [39m      
    [90m391| [39m      [90m// API should only be called 
once per credential type[39m
    [90m392| [39m      expect((window as any).electronAPI
.getICEServers).toHaveBeenCall鈥?    [90m   | [39m        
                                                [31m^[39m
    [90m393| [39m    })
    [90m394| [39m  })

[31m[2m鈳幆鈳幆鈳幆鈳幆鈳幆鈳幆鈳幆鈳幆鈳幆鈳幆鈳幆[14/23]鈳?[22m[39
m

[41m[1m FAIL [22m[49m src/__tests__/components/Particip
antCard.extended.test.tsx[2m > [22mParticipantCard Extend
ed[2m > [22mConnection Quality[2m > [22mshould show dif
ferent colors for quality levels
[31m[1mError[22m: [2mexpect([22m[31melement[31m[2m)
.toHaveStyle()[22m

[32m- Expected[31m

[32m- backgroundColor: green;[31m[39m
[36m [2m鉂?[22m src/__tests__/components/ParticipantCard.e
xtended.test.tsx:[2m371:55[22m[39m
    [90m369| [39m      )
    [90m370| [39m      
    [90m371| [39m      expect(screen.getByTestId('quality
-indicator')).toHaveStyle({ ba鈥?    [90m   | [39m        
                                              [31m^[39m
    [90m372| [39m
    [90m373| [39m      [34mrerender[39m(

[31m[2m鈳幆鈳幆鈳幆鈳幆鈳幆鈳幆鈳幆鈳幆鈳幆鈳幆鈳幆[15/23]鈳?[22m[39
m

[41m[1m FAIL [22m[49m src/__tests__/components/Particip
antCard.extended.test.tsx[2m > [22mParticipantCard Extend
ed[2m > [22mRemote Audio Playback[2m > [22mshould rende
r audio element for remote participant with stream
[31m[1mTypeError[22m: () => ({
      getTracks: () => [],
      getVideoTracks: () => [],
      getAudioTracks: () => [],
      addTr...<omitted>...}) is not a constructor[39m
[36m [2m鉂?[22m src/__tests__/components/ParticipantCard.e
xtended.test.tsx:[2m395:26[22m[39m
    [90m393| [39m  [34mdescribe[39m([32m'Remote Audio 
Playback'[39m[33m,[39m () [33m=>[39m {
    [90m394| [39m    it('should render audio element for 
remote participant with stream鈥?    [90m395| [39m      [
35mconst[39m mockStream [33m=[39m [35mnew[39m [33mMed
iaStream[39m()
    [90m   | [39m                         [31m^[39m
    [90m396| [39m      
    [90m397| [39m      render(<TestParticipantCard isLoca
l={false} stream={mockStream} 鈥?
[31m[2m鈳幆鈳幆鈳幆鈳幆鈳幆鈳幆鈳幆鈳幆鈳幆鈳幆鈳幆[16/23]鈳?[22m[39
m

[41m[1m FAIL [22m[49m src/__tests__/components/Particip
antCard.extended.test.tsx[2m > [22mParticipantCard Extend
ed[2m > [22mRemote Audio Playback[2m > [22mshould not r
ender audio element for local participant
[31m[1mTypeError[22m: () => ({
      getTracks: () => [],
      getVideoTracks: () => [],
      getAudioTracks: () => [],
      addTr...<omitted>...}) is not a constructor[39m
[36m [2m鉂?[22m src/__tests__/components/ParticipantCard.e
xtended.test.tsx:[2m403:26[22m[39m
    [90m401| [39m
    [90m402| [39m    [34mit[39m([32m'should not render
 audio element for local participant'[39m[33m,[39m () [
33m=>[39m {
    [90m403| [39m      [35mconst[39m mockStream [33m=
[39m [35mnew[39m [33mMediaStream[39m()
    [90m   | [39m                         [31m^[39m
    [90m404| [39m      
    [90m405| [39m      render(<TestParticipantCard isLoca
l={true} stream={mockStream} /鈥?
[31m[2m鈳幆鈳幆鈳幆鈳幆鈳幆鈳幆鈳幆鈳幆鈳幆鈳幆鈳幆[17/23]鈳?[22m[39
m

[41m[1m FAIL [22m[49m src/__tests__/components/Particip
antCard.extended.test.tsx[2m > [22mParticipantCard Extend
ed[2m > [22mRemote Audio Playback[2m > [22mshould set s
tream on audio element
[31m[1mTypeError[22m: () => ({
      getTracks: () => [],
      getVideoTracks: () => [],
      getAudioTracks: () => [],
      addTr...<omitted>...}) is not a constructor[39m
[36m [2m鉂?[22m src/__tests__/components/ParticipantCard.e
xtended.test.tsx:[2m417:26[22m[39m
    [90m415| [39m
    [90m416| [39m    [34mit[39m([32m'should set stream
 on audio element'[39m[33m,[39m [35masync[39m () [33m
=>[39m {
    [90m417| [39m      [35mconst[39m mockStream [33m=
[39m [35mnew[39m [33mMediaStream[39m()
    [90m   | [39m                         [31m^[39m
    [90m418| [39m      
    [90m419| [39m      render(<TestParticipantCard isLoca
l={false} stream={mockStream} 鈥?
[31m[2m鈳幆鈳幆鈳幆鈳幆鈳幆鈳幆鈳幆鈳幆鈳幆鈳幆鈳幆[18/23]鈳?[22m[39
m

[41m[1m FAIL [22m[49m src/__tests__/components/Particip
antCard.extended.test.tsx[2m > [22mParticipantCard Extend
ed[2m > [22mRemote Audio Playback[2m > [22mshould call 
play on audio element
[31m[1mTypeError[22m: () => ({
      getTracks: () => [],
      getVideoTracks: () => [],
      getAudioTracks: () => [],
      addTr...<omitted>...}) is not a constructor[39m
[36m [2m鉂?[22m src/__tests__/components/ParticipantCard.e
xtended.test.tsx:[2m429:26[22m[39m
    [90m427| [39m
    [90m428| [39m    [34mit[39m([32m'should call play 
on audio element'[39m[33m,[39m [35masync[39m () [33m=
>[39m {
    [90m429| [39m      [35mconst[39m mockStream [33m=
[39m [35mnew[39m [33mMediaStream[39m()
    [90m   | [39m                         [31m^[39m
    [90m430| [39m      [35mconst[39m playSpy [33m=[39
m vi[33m.[39m[34mspyOn[39m([33mHTMLMediaElement[39m[
33m.[39mprototype[33m,[39m [32m'play'[39m)
    [90m431| [39m      

[31m[2m鈳幆鈳幆鈳幆鈳幆鈳幆鈳幆鈳幆鈳幆鈳幆鈳幆鈳幆[19/23]鈳?[22m[39
m

[41m[1m FAIL [22m[49m src/__tests__/components/Particip
antCard.extended.test.tsx[2m > [22mParticipantCard Extend
ed[2m > [22mOutput Device Selection[2m > [22mshould set
 sink ID when output device changes
[31m[1mTypeError[22m: () => ({
      getTracks: () => [],
      getVideoTracks: () => [],
      getAudioTracks: () => [],
      addTr...<omitted>...}) is not a constructor[39m
[36m [2m鉂?[22m src/__tests__/components/ParticipantCard.e
xtended.test.tsx:[2m442:26[22m[39m
    [90m440| [39m  [34mdescribe[39m([32m'Output Device
 Selection'[39m[33m,[39m () [33m=>[39m {
    [90m441| [39m    [34mit[39m([32m'should set sink I
D when output device changes'[39m[33m,[39m [35masync[3
9m () [33m=>[39m {
    [90m442| [39m      [35mconst[39m mockStream [33m=
[39m [35mnew[39m [33mMediaStream[39m()
    [90m   | [39m                         [31m^[39m
    [90m443| [39m      const setSinkIdSpy = vi.spyOn(HTML
MediaElement.prototype, 'setSi鈥?    [90m444| [39m      

[31m[2m鈳幆鈳幆鈳幆鈳幆鈳幆鈳幆鈳幆鈳幆鈳幆鈳幆鈳幆[20/23]鈳?[22m[39
m

[41m[1m FAIL [22m[49m src/__tests__/components/Particip
antCard.extended.test.tsx[2m > [22mParticipantCard Edge C
ases[2m > [22mshould handle rapid stream changes
[31m[1mTypeError[22m: () => ({
      getTracks: () => [],
      getVideoTracks: () => [],
      getAudioTracks: () => [],
      addTr...<omitted>...}) is not a constructor[39m
[36m [2m鉂?[22m src/__tests__/components/ParticipantCard.e
xtended.test.tsx:[2m486:21[22m[39m
    [90m484| [39m[34mdescribe[39m([32m'ParticipantCard
 Edge Cases'[39m[33m,[39m () [33m=>[39m {
    [90m485| [39m  [34mit[39m([32m'should handle rapid
 stream changes'[39m[33m,[39m [35masync[39m () [33m=>
[39m {
    [90m486| [39m    [35mconst[39m stream1 [33m=[39m 
[35mnew[39m [33mMediaStream[39m()
    [90m   | [39m                    [31m^[39m
    [90m487| [39m    [35mconst[39m stream2 [33m=[39m 
[35mnew[39m [33mMediaStream[39m()
    [90m488| [39m    

[31m[2m鈳幆鈳幆鈳幆鈳幆鈳幆鈳幆鈳幆鈳幆鈳幆鈳幆鈳幆[21/23]鈳?[22m[39
m

[41m[1m FAIL [22m[49m src/__tests__/components/Particip
antCard.extended.test.tsx[2m > [22mParticipantCard Edge C
ases[2m > [22mshould handle play failure gracefully
[31m[1mTypeError[22m: () => ({
      getTracks: () => [],
      getVideoTracks: () => [],
      getAudioTracks: () => [],
      addTr...<omitted>...}) is not a constructor[39m
[36m [2m鉂?[22m src/__tests__/components/ParticipantCard.e
xtended.test.tsx:[2m502:24[22m[39m
    [90m500| [39m
    [90m501| [39m  [34mit[39m([32m'should handle play 
failure gracefully'[39m[33m,[39m [35masync[39m () [33
m=>[39m {
    [90m502| [39m    [35mconst[39m mockStream [33m=[3
9m [35mnew[39m [33mMediaStream[39m()
    [90m   | [39m                       [31m^[39m
    [90m503| [39m    
    [90m504| [39m    [90m// Make play fail[39m

[31m[2m鈳幆鈳幆鈳幆鈳幆鈳幆鈳幆鈳幆鈳幆鈳幆鈳幆鈳幆[22/23]鈳?[22m[39
m

[41m[1m FAIL [22m[49m src/__tests__/components/RoomView
.extended.test.tsx[2m > [22mRoomView Extended[2m > [22m
Remote Streams[2m > [22mshould pass remote streams to par
ticipant cards
[31m[1mTypeError[22m: () => ({
      getTracks: () => [],
      getVideoTracks: () => [],
      getAudioTracks: () => [],
      addTr...<omitted>...}) is not a constructor[39m
[36m [2m鉂?[22m src/__tests__/components/RoomView.extended
.test.tsx:[2m491:20[22m[39m
    [90m489| [39m      ])
    [90m490| [39m      [35mconst[39m remoteStreams [33
m=[39m [35mnew[39m [33mMap[39m([
    [90m491| [39m        [[32m'peer-1'[39m[33m,[39m 
[35mnew[39m [33mMediaStream[39m()]
    [90m   | [39m                   [31m^[39m
    [90m492| [39m      ])
    [90m493| [39m      

[31m[2m鈳幆鈳幆鈳幆鈳幆鈳幆鈳幆鈳幆鈳幆鈳幆鈳幆鈳幆[23/23]鈳?[22m[39
m


[2m Test Files [22m [1m[31m5 failed[39m[22m[2m | [22m[1m[32m24 passed[39m[22m[90m (29)[39m
[2m      Tests [22m [1m[31m23 failed[39m[22m[2m | [22m[1m[32m405 passed[39m[22m[90m (428)[39m
[2m   Start at [22m 02:15:58
[2m   Duration [22m 9.01s[2m (transform 8.04s, setup 6.96s, import 15.36s, tests 12.37s, environment 67.71s)[22m

